st_init created the symbol table hash map
Adding new symbol: main, main, offset: 0, type: 2, size: 4, arr: 0
st_add added main at position 0
Added process main to stable

Added a to $$names, count=1
Adding new symbol: a, _gp, offset: 0, type: 1, size: 0, arr: 0
st_add added a at position 64
updating symbol a
Symbol 64:a found
Symbol a updated with size 4, offset 0

Added i to $$names, count=1
Adding new symbol: i, _gp, offset: 0, type: 0, size: 0, arr: 0
st_add added i at position 72
updating symbol i
Symbol 72:i found
Symbol i updated with size 4,offset 0












Freed symbol at position 0
Freed symbol at position 64
Freed symbol at position 72
Freed symbol table
