st_init created the symbol table hash map
Adding new symbol: decls, decls, offset: 0, type: 2, size: 4, arr: 0
st_add added decls at position 400
Added process decls to stable




Adding new symbol: foo, foo, offset: 0, type: 2, size: 8, arr: 0
st_add added foo at position 348
Added process foo to stable




Adding new symbol: main, main, offset: 0, type: 2, size: 4, arr: 0
st_add added main at position 0
Added process main to stable





Freed symbol at position 0
Freed symbol at position 348
Freed symbol at position 400
Freed symbol table
