st_init created the symbol table hash map
Adding new symbol: main, main, offset: 0, type: 2, size: 4, arr: 0
st_add added main at position 0
Added process main to stable


Added source to $$names, count=1
Adding new symbol: source, _gp, offset: 0, type: 1, size: 0, arr: 0
st_add added source at position 128
Added target to $$names, count=2
Adding new symbol: target, _gp, offset: 1, type: 1, size: 0, arr: 0
st_add, added target to collision LL at 0
updating symbol source
Symbol 128:source found
Symbol source updated with size 4, offset 0
updating symbol target
Symbol target found in collision LL
Symbol target updated with size 4, offset 0

Added cost to $$names, count=1
Adding new symbol: cost, _gp, offset: 0, type: 1, size: 0, arr: 0
st_add added cost at position 88
updating symbol cost
Symbol 88:cost found
Symbol cost updated with size 4,offset 0

Added n to $$names, count=1
Adding new symbol: n, _gp, offset: 0, type: 0, size: 0, arr: 0
st_add added n at position 79
Added m to $$names, count=2
Adding new symbol: m, _gp, offset: 1, type: 0, size: 0, arr: 0
st_add added m at position 76
Added i to $$names, count=3
Adding new symbol: i, _gp, offset: 2, type: 0, size: 0, arr: 0
st_add added i at position 72
Added j to $$names, count=4
Adding new symbol: j, _gp, offset: 3, type: 0, size: 0, arr: 0
st_add added j at position 75
updating symbol n
Symbol 79:n found
Symbol n updated with size 4,offset 0
updating symbol m
Symbol 76:m found
Symbol m updated with size 4,offset 4
updating symbol i
Symbol 72:i found
Symbol i updated with size 4,offset 8
updating symbol j
Symbol 75:j found
Symbol j updated with size 4,offset 12



















































Freed symbol at position 0
Freed LL symbol at position 0
Freed link in collision LL at 0
Freed symbol at position 72
Freed symbol at position 75
Freed symbol at position 76
Freed symbol at position 79
Freed symbol at position 88
Freed symbol at position 128
Freed symbol table
